../Core/Src/main.c:83:5:main	8	static
../Core/Src/main.c:128:6:SystemClock_Config	88	static
../Core/Src/main.c:174:13:MX_TIM2_Init	32	static
../Core/Src/main.c:219:13:MX_TIM3_Init	32	static
../Core/Src/main.c:264:13:MX_GPIO_Init	56	static
../Core/Src/main.c:431:6:HAL_GPIO_EXTI_Callback	16	static
../Core/Src/main.c:444:6:HAL_TIM_PeriodElapsedCallback	16	static
../Core/Src/main.c:488:6:shiftOut	32	static
../Core/Src/main.c:506:6:display	16	static
../Core/Src/main.c:513:6:dispOff	8	static
../Core/Src/main.c:526:6:Error_Handler	4	static,ignoring_inline_asm
